00:09.850  blend            | Read blend: "/Users/anping/Documents/Stuff/AI Space/Vector Rush/SourceAssets/hero-v3/pass-03-finish/Kestrel07-v3.blend"
CONTACT_CORRECTION {"source_moved_vertices": {"Canopy / narrow continuous sill": 529, "Nacelle / closed structural cavity shell -1": 318, "Nacelle / closed structural cavity shell 1": 318}, "runtime_moved_vertices": {"Kestrel07_V3_Graphite": 1165}, "unique_position_edits": 1165, "sill_lowering_m": 0.04, "sill_longitudinal_scale": 0.99, "graphite_return_recess_m": 0.015, "graphite_intake_expansion_m": 0.015, "armor_and_glass_geometry_changed": false, "uv_coordinates_changed": false}
[
  {
    "a": "Canopy / controlled convex near-black glazing",
    "b": "Canopy / narrow continuous sill",
    "intersection_triangle_pairs": 197,
    "positive_area_coplanar_pairs": 0,
    "coplanar_overlap_area_sum_m2": 0,
    "noncoplanar_intersection_pairs": 197,
    "near_parallel_centroids_under_2mm": 0
  },
  {
    "a": "Canopy / controlled convex near-black glazing",
    "b": "Monocoque / continuous load-bearing center",
    "intersection_triangle_pairs": 150,
    "positive_area_coplanar_pairs": 0,
    "coplanar_overlap_area_sum_m2": 0,
    "noncoplanar_intersection_pairs": 150,
    "near_parallel_centroids_under_2mm": 8
  },
  {
    "a": "Armor / waisted center crown -1",
    "b": "Nacelle / closed structural cavity shell -1",
    "intersection_triangle_pairs": 248,
    "positive_area_coplanar_pairs": 0,
    "coplanar_overlap_area_sum_m2": 0,
    "noncoplanar_intersection_pairs": 248,
    "near_parallel_centroids_under_2mm": 35
  },
  {
    "a": "Armor / engine shoulder crown -1",
    "b": "Nacelle / closed structural cavity shell -1",
    "intersection_triangle_pairs": 150,
    "positive_area_coplanar_pairs": 0,
    "coplanar_overlap_area_sum_m2": 0,
    "noncoplanar_intersection_pairs": 150,
    "near_parallel_centroids_under_2mm": 16
  },
  {
    "a": "Armor / aft changing lower return -1",
    "b": "Nacelle / closed structural cavity shell -1",
    "intersection_triangle_pairs": 176,
    "positive_area_coplanar_pairs": 0,
    "coplanar_overlap_area_sum_m2": 0,
    "noncoplanar_intersection_pairs": 176,
    "near_parallel_centroids_under_2mm": 18
  },
  {
    "a": "Armor / waisted center crown 1",
    "b": "Nacelle / closed structural cavity shell 1",
    "intersection_triangle_pairs": 251,
    "positive_area_coplanar_pairs": 0,
    "coplanar_overlap_area_sum_m2": 0,
    "noncoplanar_intersection_pairs": 251,
    "near_parallel_centroids_under_2mm": 43
  },
  {
    "a": "Armor / engine shoulder crown 1",
    "b": "Nacelle / closed structural cavity shell 1",
    "intersection_triangle_pairs": 150,
    "positive_area_coplanar_pairs": 0,
    "coplanar_overlap_area_sum_m2": 0,
    "noncoplanar_intersection_pairs": 150,
    "near_parallel_centroids_under_2mm": 16
  },
  {
    "a": "Armor / aft changing lower return 1",
    "b": "Nacelle / closed structural cavity shell 1",
    "intersection_triangle_pairs": 175,
    "positive_area_coplanar_pairs": 0,
    "coplanar_overlap_area_sum_m2": 0,
    "noncoplanar_intersection_pairs": 175,
    "near_parallel_centroids_under_2mm": 17
  }
]
Blender 5.2.0 LTS (hash fbe6228777e7 built 2026-07-14 01:31:22)

Blender quit
