Mono path[0] = '/Users/anping/Documents/Stuff/AI Space/Vector Rush/Builds/Vector Rush.app/Contents/Resources/Data/Managed'
Mono config path = '/Users/anping/Documents/Stuff/AI Space/Vector Rush/Builds/Vector Rush.app/Contents/MonoBleedingEdge/etc'
CodeReloadManager initialized
Input System module state changed to: Initialized.
[Physics::Module] Initialized fallback backend.
[Physics::Module] Id: 0xdecafbad
 preferred device: Apple M2 Max (high power)
Metal devices available: 1
0: Apple M2 Max (high power)
Using device Apple M2 Max (high power)
Initialize engine version: 6000.6.0f1 (f7f8ed4d1e24)
[EntityIdStore] init: VM path (explicit commit), pageSize=16384, blockCount=262144, entitiesPerBlock=1024, slots reserved=4294967296 bytes
[Subsystems] Discovering subsystems at path /Users/anping/Documents/Stuff/AI Space/Vector Rush/Builds/Vector Rush.app/Contents/Resources/Data/UnitySubsystems
GfxDevice: creating device client; kGfxThreadingModeThreaded
Initializing Metal device caps: Apple M2 Max
Mac GPU Family: 2
Apple GPU Family: 8
MSL Version: 3.0
Has Float MSAA: 1
Has Float Filtering: 1
ReadWrite Texture Tier: 2
Begin MonoManager ReloadAssembly
- Finished resetting the current domain, in  0.005 seconds
[Physics::Module] Selected backend.
[Physics::Module] Name: PhysX
[Physics::Module] Id: 0xf2b8ea05
[Physics::Module] SDK Version: 4.1.2
[Physics::Module] Integration Version: 1.0.0
[Physics::Module] Threading Mode: Multi-Threaded
Metal RecreateSurface[0x10ede6780]: surface size 1920x1080
UnloadTime: 0.781667 ms
VECTOR_RUSH_LANDMARK resource=Nocturne_SplitSignal_Mast center=(304.13, 0.00, 24.65) halfFootprint=(27.00, 33.00)
VECTOR_RUSH_LANDMARK resource=Nocturne_ThermalExchange_Works center=(-155.88, 0.00, 148.33) halfFootprint=(23.00, 43.00)
VECTOR_PROBE_READY Night architecture reflection environment id=1 resolution=256 box=False bounds=Center: (0.00, 58.00, -170.00), Extents: (900.00, 300.00, 900.00) blend=1
VECTOR_PROBE_READY Mast bend reflection id=5 resolution=256 box=True bounds=Center: (234.39, 47.33, -71.14), Extents: (70.70, 44.99, 160.75) blend=20
VECTOR_PROBE_READY Crest descent reflection id=8 resolution=256 box=True bounds=Center: (170.41, 49.89, 118.36), Extents: (98.40, 46.65, 122.44) blend=20
Thread 0x16d13b000 may have been prematurely finalized
[Physics::Module] Cleanup current backend.
[Physics::Module] Id: 0xf2b8ea05
Input System module state changed to: ShutdownInProgress.
Input Polling Thread exited.
Input System module state changed to: Shutdown.
Thread 0x16bcb3000 may have been prematurely finalized
Thread 0x16bee3000 may have been prematurely finalized
Thread 0x16bd3f000 may have been prematurely finalized
Thread 0x16c22b000 may have been prematurely finalized
Thread 0x16be57000 may have been prematurely finalized
Thread 0x16c087000 may have been prematurely finalized
Thread 0x16bffb000 may have been prematurely finalized
Thread 0x16c113000 may have been prematurely finalized
Thread 0x16bf6f000 may have been prematurely finalized
Thread 0x16c19f000 may have been prematurely finalized
Thread 0x16bdcb000 may have been prematurely finalized
CodeReloadManager destroyed
