Mono path[0] = '/Users/anping/Documents/Stuff/AI Space/Vector Rush/Builds/Vector Rush-opening-01.app/Contents/Resources/Data/Managed'
Mono config path = '/Users/anping/Documents/Stuff/AI Space/Vector Rush/Builds/Vector Rush-opening-01.app/Contents/MonoBleedingEdge/etc'
CodeReloadManager initialized
Input System module state changed to: Initialized.
[Physics::Module] Initialized fallback backend.
[Physics::Module] Id: 0xdecafbad
 preferred device: Apple M2 Max (high power)
Metal devices available: 1
0: Apple M2 Max (high power)
Using device Apple M2 Max (high power)
Initialize engine version: 6000.6.0f1 (f7f8ed4d1e24)
[EntityIdStore] init: VM path (explicit commit), pageSize=16384, blockCount=262144, entitiesPerBlock=1024, slots reserved=4294967296 bytes
[Subsystems] Discovering subsystems at path /Users/anping/Documents/Stuff/AI Space/Vector Rush/Builds/Vector Rush-opening-01.app/Contents/Resources/Data/UnitySubsystems
GfxDevice: creating device client; kGfxThreadingModeThreaded
Initializing Metal device caps: Apple M2 Max
Mac GPU Family: 2
Apple GPU Family: 8
MSL Version: 3.0
Has Float MSAA: 1
Has Float Filtering: 1
ReadWrite Texture Tier: 2
Begin MonoManager ReloadAssembly
- Finished resetting the current domain, in  0.035 seconds
[Physics::Module] Selected backend.
[Physics::Module] Name: PhysX
[Physics::Module] Id: 0xf2b8ea05
[Physics::Module] SDK Version: 4.1.2
[Physics::Module] Integration Version: 1.0.0
[Physics::Module] Threading Mode: Multi-Threaded
Metal RecreateSurface[0x10e8a6780]: surface size 1920x1080
UnloadTime: 2.398583 ms
VR_OPENING_FINISH_CONFIGURATION mode=construction constructionEnabled=True surfaceEnabled=False cameraPhysicsUnchanged=true
VECTOR_RUSH_LANDMARK resource=Nocturne_SplitSignal_Mast center=(304.13, 0.00, 24.65) halfFootprint=(27.00, 33.00)
VECTOR_RUSH_LANDMARK resource=Nocturne_ThermalExchange_Works center=(-155.88, 0.00, 148.33) halfFootprint=(23.00, 43.00)
VECTOR_RUSH_OPENING_GROUP name=crossing service court accepted=true supportProgress=0.200 supportFoot=(266.253, 1.000, -54.710) socket=(262.623, 1.917, -54.817) frontage=(172.000, 0.000, -54.563) boundsMin=(171.983, 0.000, -65.079) boundsMax=(263.726, 18.175, -47.209) minimumBelowProtectedDeck=22.909 boxes=19 addedLights=2 fullCourseSamples=1200
VECTOR_RUSH_OPENING_GROUP name=inner frontage return accepted=true supportProgress=0.275 supportFoot=(202.328, 1.000, 62.219) socket=(199.804, 1.918, 59.609) frontage=(152.000, 0.000, -37.820) boundsMin=(146.703, 0.000, -40.423) boundsMax=(205.109, 31.361, 62.208) minimumBelowProtectedDeck=25.937 boxes=22 addedLights=2 fullCourseSamples=1200
VECTOR_RUSH_OPENING_CONSTRUCTION groups=2 addedLights=4 moduleTypes=3 colliders=0
VR_SSR_REQUESTED False compiled=true mode=Disabled
Thread 0x16e06f000 may have been prematurely finalized
[Physics::Module] Cleanup current backend.
[Physics::Module] Id: 0xf2b8ea05
Input System module state changed to: ShutdownInProgress.
Input Polling Thread exited.
Input System module state changed to: Shutdown.
Thread 0x16ca43000 may have been prematurely finalized
Thread 0x16cbe7000 may have been prematurely finalized
Thread 0x16ccff000 may have been prematurely finalized
Thread 0x16cd8b000 may have been prematurely finalized
Thread 0x16cc73000 may have been prematurely finalized
Thread 0x16cb5b000 may have been prematurely finalized
Thread 0x16cfbb000 may have been prematurely finalized
Thread 0x16ce17000 may have been prematurely finalized
Thread 0x16cea3000 may have been prematurely finalized
Thread 0x16cf2f000 may have been prematurely finalized
Thread 0x16cacf000 may have been prematurely finalized
CodeReloadManager destroyed
