BlenderMCP: cannot start server in background mode (blender -b) - commands would never execute
BlenderMCP: run Blender with a GUI, or use a virtual display: xvfb-run -a blender
BlenderMCP addon registered
FBX version: 7400
TANGENT_DIAG Nocturne_SplitSignal_Mast 1 [(964, (-19.67858123779297, 120.97174072265625, 12.0), (0.37871673703193665, 0.05537094175815582, 0.9238547682762146), (-4.919645309448242, 30.242935180664062))]
TANGENT_VALUES [(964, (0.0, 0.0, 0.0), [(321, 2.15533185005188, (0.37865063548088074, 0.05537256598472595, 0.9238818287849426))])]
FBX version: 7400
TANGENT_DIAG Nocturne_ThermalExchange_Works 0 []
TANGENT_VALUES []
{
  "Nocturne_SplitSignal_Mast": {
    "status": "PASS_GEOMETRY_WITH_DOCUMENTED_TANGENT_LIMITATION",
    "mesh_count": 1,
    "triangles": 13580,
    "material_slots": 7,
    "roundtrip_bounds_error_m": 2.408383124929969e-06,
    "nonmanifold_edges": 0,
    "degenerate_triangles": 0,
    "uv0_finite": true,
    "tangents_finite": true,
    "tangents_unit": false,
    "zero_tangent_loops": [
      964
    ],
    "limitation": "One mast bevel loop has a zero tangent after Blender FBX reimport; no landmark runtime material uses tangent normal mapping.",
    "inside_reserved_footprint": true,
    "fbx_sha256": "86fce532571fe159ed14398cf7d635866d38070858f40e54e766c9d2ea81cd59"
  },
  "Nocturne_ThermalExchange_Works": {
    "status": "PASS",
    "mesh_count": 1,
    "triangles": 27736,
    "material_slots": 8,
    "roundtrip_bounds_error_m": 3.1633621802029666e-06,
    "nonmanifold_edges": 0,
    "degenerate_triangles": 0,
    "uv0_finite": true,
    "tangents_finite": true,
    "tangents_unit": true,
    "zero_tangent_loops": [],
    "limitation": "",
    "inside_reserved_footprint": true,
    "fbx_sha256": "91a1a700deb2de21ec559a30e7b7ca3672747e058a7ee22864f37fb784dca28e"
  }
}
BlenderMCP server stopped
BlenderMCP addon unregistered
Blender 5.2.0 LTS (hash fbe6228777e7 built 2026-07-14 01:31:22)

Blender quit
