Mono path[0] = '/Users/anping/Documents/Stuff/AI Space/Vector Rush/Builds/Vector Rush.app/Contents/Resources/Data/Managed'
Mono config path = '/Users/anping/Documents/Stuff/AI Space/Vector Rush/Builds/Vector Rush.app/Contents/MonoBleedingEdge/etc'
CodeReloadManager initialized
Input System module state changed to: Initialized.
[Physics::Module] Initialized fallback backend.
[Physics::Module] Id: 0xdecafbad
 preferred device: Apple M2 Max (high power)
Metal devices available: 1
0: Apple M2 Max (high power)
Using device Apple M2 Max (high power)
Initialize engine version: 6000.6.0f1 (f7f8ed4d1e24)
[EntityIdStore] init: VM path (explicit commit), pageSize=16384, blockCount=262144, entitiesPerBlock=1024, slots reserved=4294967296 bytes
[Subsystems] Discovering subsystems at path /Users/anping/Documents/Stuff/AI Space/Vector Rush/Builds/Vector Rush.app/Contents/Resources/Data/UnitySubsystems
GfxDevice: creating device client; kGfxThreadingModeThreaded
Initializing Metal device caps: Apple M2 Max
Mac GPU Family: 2
Apple GPU Family: 8
MSL Version: 3.0
Has Float MSAA: 1
Has Float Filtering: 1
ReadWrite Texture Tier: 2
Begin MonoManager ReloadAssembly
- Finished resetting the current domain, in  0.006 seconds
[Physics::Module] Selected backend.
[Physics::Module] Name: PhysX
[Physics::Module] Id: 0xf2b8ea05
[Physics::Module] SDK Version: 4.1.2
[Physics::Module] Integration Version: 1.0.0
[Physics::Module] Threading Mode: Multi-Threaded
Metal RecreateSurface[0x10cdf6780]: surface size 1920x1080
UnloadTime: 0.677125 ms
VECTOR_RUSH_LANDMARK resource=Nocturne_SplitSignal_Mast center=(304.13, 0.00, 24.65) halfFootprint=(27.00, 33.00)
VECTOR_RUSH_LANDMARK resource=Nocturne_ThermalExchange_Works center=(-155.88, 0.00, 148.33) halfFootprint=(23.00, 43.00)
Thread 0x16f0bb000 may have been prematurely finalized
[Physics::Module] Cleanup current backend.
[Physics::Module] Id: 0xf2b8ea05
Input System module state changed to: ShutdownInProgress.
Input Polling Thread exited.
Input System module state changed to: Shutdown.
Thread 0x16dc33000 may have been prematurely finalized
Thread 0x16ddd7000 may have been prematurely finalized
Thread 0x16dd4b000 may have been prematurely finalized
Thread 0x16df7b000 may have been prematurely finalized
Thread 0x16e093000 may have been prematurely finalized
Thread 0x16deef000 may have been prematurely finalized
Thread 0x16dcbf000 may have been prematurely finalized
Thread 0x16e007000 may have been prematurely finalized
Thread 0x16de63000 may have been prematurely finalized
Thread 0x16e11f000 may have been prematurely finalized
Thread 0x16e1ab000 may have been prematurely finalized
CodeReloadManager destroyed
