Mono path[0] = '/Users/anping/Documents/Stuff/AI Space/Vector Rush/Builds/Vector Rush.app/Contents/Resources/Data/Managed'
Mono config path = '/Users/anping/Documents/Stuff/AI Space/Vector Rush/Builds/Vector Rush.app/Contents/MonoBleedingEdge/etc'
CodeReloadManager initialized
Input System module state changed to: Initialized.
[Physics::Module] Initialized fallback backend.
[Physics::Module] Id: 0xdecafbad
 preferred device: Apple M2 Max (high power)
Metal devices available: 1
0: Apple M2 Max (high power)
Using device Apple M2 Max (high power)
Initialize engine version: 6000.6.0f1 (f7f8ed4d1e24)
[EntityIdStore] init: VM path (explicit commit), pageSize=16384, blockCount=262144, entitiesPerBlock=1024, slots reserved=4294967296 bytes
[Subsystems] Discovering subsystems at path /Users/anping/Documents/Stuff/AI Space/Vector Rush/Builds/Vector Rush.app/Contents/Resources/Data/UnitySubsystems
GfxDevice: creating device client; kGfxThreadingModeThreaded
Initializing Metal device caps: Apple M2 Max
Mac GPU Family: 2
Apple GPU Family: 8
MSL Version: 3.0
Has Float MSAA: 1
Has Float Filtering: 1
ReadWrite Texture Tier: 2
Begin MonoManager ReloadAssembly
- Finished resetting the current domain, in  0.006 seconds
[Physics::Module] Selected backend.
[Physics::Module] Name: PhysX
[Physics::Module] Id: 0xf2b8ea05
[Physics::Module] SDK Version: 4.1.2
[Physics::Module] Integration Version: 1.0.0
[Physics::Module] Threading Mode: Multi-Threaded
Metal RecreateSurface[0x10afb6780]: surface size 1920x1080
UnloadTime: 0.691375 ms
VECTOR_RUSH_LANDMARK resource=Nocturne_SplitSignal_Mast center=(304.13, 0.00, 24.65) halfFootprint=(27.00, 33.00)
VECTOR_RUSH_LANDMARK resource=Nocturne_ThermalExchange_Works center=(-155.88, 0.00, 148.33) halfFootprint=(23.00, 43.00)
Thread 0x1715d7000 may have been prematurely finalized
[Physics::Module] Cleanup current backend.
[Physics::Module] Id: 0xf2b8ea05
Input System module state changed to: ShutdownInProgress.
Input Polling Thread exited.
Input System module state changed to: Shutdown.
Thread 0x1700c3000 may have been prematurely finalized
Thread 0x170267000 may have been prematurely finalized
Thread 0x17037f000 may have been prematurely finalized
Thread 0x17040b000 may have been prematurely finalized
Thread 0x1702f3000 may have been prematurely finalized
Thread 0x17063b000 may have been prematurely finalized
Thread 0x17014f000 may have been prematurely finalized
Thread 0x170497000 may have been prematurely finalized
Thread 0x170523000 may have been prematurely finalized
Thread 0x1705af000 may have been prematurely finalized
Thread 0x1701db000 may have been prematurely finalized
CodeReloadManager destroyed
