Mono path[0] = '/Users/anping/Documents/Stuff/AI Space/Vector Rush/Builds/Vector Rush.app/Contents/Resources/Data/Managed'
Mono config path = '/Users/anping/Documents/Stuff/AI Space/Vector Rush/Builds/Vector Rush.app/Contents/MonoBleedingEdge/etc'
CodeReloadManager initialized
Input System module state changed to: Initialized.
[Physics::Module] Initialized fallback backend.
[Physics::Module] Id: 0xdecafbad
 preferred device: Apple M2 Max (high power)
Metal devices available: 1
0: Apple M2 Max (high power)
Using device Apple M2 Max (high power)
Initialize engine version: 6000.6.0f1 (f7f8ed4d1e24)
[EntityIdStore] init: VM path (explicit commit), pageSize=16384, blockCount=262144, entitiesPerBlock=1024, slots reserved=4294967296 bytes
[Subsystems] Discovering subsystems at path /Users/anping/Documents/Stuff/AI Space/Vector Rush/Builds/Vector Rush.app/Contents/Resources/Data/UnitySubsystems
GfxDevice: creating device client; kGfxThreadingModeThreaded
Initializing Metal device caps: Apple M2 Max
Mac GPU Family: 2
Apple GPU Family: 8
MSL Version: 3.0
Has Float MSAA: 1
Has Float Filtering: 1
ReadWrite Texture Tier: 2
Begin MonoManager ReloadAssembly
- Finished resetting the current domain, in  0.006 seconds
[Physics::Module] Selected backend.
[Physics::Module] Name: PhysX
[Physics::Module] Id: 0xf2b8ea05
[Physics::Module] SDK Version: 4.1.2
[Physics::Module] Integration Version: 1.0.0
[Physics::Module] Threading Mode: Multi-Threaded
Metal RecreateSurface[0x10e506780]: surface size 1920x810
UnloadTime: 0.442958 ms
Thread 0x16daef000 may have been prematurely finalized
[Physics::Module] Cleanup current backend.
[Physics::Module] Id: 0xf2b8ea05
Input System module state changed to: ShutdownInProgress.
Input Polling Thread exited.
Input System module state changed to: Shutdown.
Thread 0x16c667000 may have been prematurely finalized
Thread 0x16c80b000 may have been prematurely finalized
Thread 0x16c897000 may have been prematurely finalized
Thread 0x16c9af000 may have been prematurely finalized
Thread 0x16cac7000 may have been prematurely finalized
Thread 0x16cb53000 may have been prematurely finalized
Thread 0x16c6f3000 may have been prematurely finalized
Thread 0x16ca3b000 may have been prematurely finalized
Thread 0x16c77f000 may have been prematurely finalized
Thread 0x16c923000 may have been prematurely finalized
Thread 0x16cbdf000 may have been prematurely finalized
CodeReloadManager destroyed
