Mono path[0] = '/Users/anping/Documents/Stuff/AI Space/Vector Rush/Builds/Vector Rush.app/Contents/Resources/Data/Managed'
Mono config path = '/Users/anping/Documents/Stuff/AI Space/Vector Rush/Builds/Vector Rush.app/Contents/MonoBleedingEdge/etc'
CodeReloadManager initialized
Input System module state changed to: Initialized.
[Physics::Module] Initialized fallback backend.
[Physics::Module] Id: 0xdecafbad
 preferred device: Apple M2 Max (high power)
Metal devices available: 1
0: Apple M2 Max (high power)
Using device Apple M2 Max (high power)
Initialize engine version: 6000.6.0f1 (f7f8ed4d1e24)
[EntityIdStore] init: VM path (explicit commit), pageSize=16384, blockCount=262144, entitiesPerBlock=1024, slots reserved=4294967296 bytes
[Subsystems] Discovering subsystems at path /Users/anping/Documents/Stuff/AI Space/Vector Rush/Builds/Vector Rush.app/Contents/Resources/Data/UnitySubsystems
GfxDevice: creating device client; kGfxThreadingModeThreaded
Initializing Metal device caps: Apple M2 Max
Mac GPU Family: 2
Apple GPU Family: 8
MSL Version: 3.0
Has Float MSAA: 1
Has Float Filtering: 1
ReadWrite Texture Tier: 2
Begin MonoManager ReloadAssembly
- Finished resetting the current domain, in  0.006 seconds
[Physics::Module] Selected backend.
[Physics::Module] Name: PhysX
[Physics::Module] Id: 0xf2b8ea05
[Physics::Module] SDK Version: 4.1.2
[Physics::Module] Integration Version: 1.0.0
[Physics::Module] Threading Mode: Multi-Threaded
Metal RecreateSurface[0x10f046780]: surface size 1920x810
UnloadTime: 0.726125 ms
VECTOR_RUSH_LANDMARK resource=Nocturne_SplitSignal_Mast center=(304.13, 0.00, 24.65) halfFootprint=(27.00, 33.00)
VECTOR_RUSH_LANDMARK resource=Nocturne_ThermalExchange_Works center=(-155.88, 0.00, 148.33) halfFootprint=(23.00, 43.00)
Thread 0x16d7a7000 may have been prematurely finalized
[Physics::Module] Cleanup current backend.
[Physics::Module] Id: 0xf2b8ea05
Input System module state changed to: ShutdownInProgress.
Input Polling Thread exited.
Input System module state changed to: Shutdown.
Thread 0x16c207000 may have been prematurely finalized
Thread 0x16c4c3000 may have been prematurely finalized
Thread 0x16c5db000 may have been prematurely finalized
Thread 0x16c6f3000 may have been prematurely finalized
Thread 0x16c437000 may have been prematurely finalized
Thread 0x16c293000 may have been prematurely finalized
Thread 0x16c54f000 may have been prematurely finalized
Thread 0x16c31f000 may have been prematurely finalized
Thread 0x16c667000 may have been prematurely finalized
Thread 0x16c77f000 may have been prematurely finalized
Thread 0x16c3ab000 may have been prematurely finalized
CodeReloadManager destroyed
